> pwd > 0$UNU.txt; cd ./subdir; pwd > ../02.txt
Command successfully read!
command_t (
    op == OP_SEQUENTIAL
    cmd1 (
        command_t (
            op == OP_SEQUENTIAL
            cmd1 (
                command_t (
                    scmd (
                        simple_command_t (
                            verb (
                                'pwd'
                            )
                            out (
                                '0';    expand('UNU');    '.txt'
                            )
                        )
                    )
                )
            )
            cmd2 (
                command_t (
                    scmd (
                        simple_command_t (
                            verb (
                                'cd'
                            )
                            params (
                                './subdir'
                            )
                        )
                    )
                )
            )
        )
    )
    cmd2 (
        command_t (
            scmd (
                simple_command_t (
                    verb (
                        'pwd'
                    )
                    out (
                        '../02.txt'
                    )
                )
            )
        )
    )
)


> End of file!
